// Jest Snapshot v1, https://goo.gl/fbAQLP

exports[`<Modal /> should render the Modal correctly 1`] = `
.c0 {
  position: absolute;
  right: 0;
  top: 0;
  padding: 30px;
  overflow: hidden;
  z-index: 3;
}

<div
  class="c0"
/>
`;
