// Jest Snapshot v1, https://goo.gl/fbAQLP

exports[`<Card /> should render the Card correctly 1`] = `
.c0 {
  display: -webkit-box;
  display: -webkit-flex;
  display: -ms-flexbox;
  display: flex;
  -webkit-flex-direction: column;
  -ms-flex-direction: column;
  flex-direction: column;
  -webkit-box-pack: center;
  -webkit-justify-content: center;
  -ms-flex-pack: center;
  justify-content: center;
  -webkit-align-items: center;
  -webkit-box-align: center;
  -ms-flex-align: center;
  align-items: center;
  width: 100%;
  margin: 1rem 0;
  border-radius: 8px;
  padding: 5rem 3rem;
  border: 1px solid #BCBCBC;
  color: #616161;
}

.c0 svg {
  font-size: 4rem;
  margin-bottom: 1rem;
}

.c0 strong {
  margin-bottom: 0.5rem;
  font-weight: bold;
}

<div
  class="c0"
  color="info"
>
  <svg
    fill="currentColor"
    height="1em"
    stroke="currentColor"
    stroke-width="0"
    viewBox="0 0 448 512"
    width="1em"
    xmlns="http://www.w3.org/2000/svg"
  >
    <path
      d="M224 256c70.7 0 128-57.3 128-128S294.7 0 224 0 96 57.3 96 128s57.3 128 128 128zm89.6 32h-16.7c-22.2 10.2-46.9 16-72.9 16s-50.6-5.8-72.9-16h-16.7C60.2 288 0 348.2 0 422.4V464c0 26.5 21.5 48 48 48h352c26.5 0 48-21.5 48-48v-41.6c0-74.2-60.2-134.4-134.4-134.4z"
    />
  </svg>
  <strong>
    Card Title
  </strong>
  <p>
    Card Description
  </p>
</div>
`;
