// Jest Snapshot v1, https://goo.gl/fbAQLP

exports[`<Header /> should render the Header correctly 1`] = `
.c0 {
  width: 100vw;
  height: 120px;
  border-bottom: 1px solid rgba(0,0,0,0.1);
}

.c1 {
  display: -webkit-box;
  display: -webkit-flex;
  display: -ms-flexbox;
  display: flex;
  -webkit-align-items: center;
  -webkit-box-align: center;
  -ms-flex-align: center;
  align-items: center;
  height: 100%;
  -webkit-box-pack: justify;
  -webkit-justify-content: space-between;
  -ms-flex-pack: justify;
  justify-content: space-between;
  margin: 0 auto;
  max-width: 1032px;
  padding: 0 2rem;
}

.c1 div:first-child {
  display: -webkit-box;
  display: -webkit-flex;
  display: -ms-flexbox;
  display: flex;
  -webkit-align-items: center;
  -webkit-box-align: center;
  -ms-flex-align: center;
  align-items: center;
}

.c1 div:first-child div {
  display: -webkit-box;
  display: -webkit-flex;
  display: -ms-flexbox;
  display: flex;
  -webkit-flex-direction: column;
  -ms-flex-direction: column;
  flex-direction: column;
  -webkit-align-items: flex-start;
  -webkit-box-align: flex-start;
  -ms-flex-align: flex-start;
  align-items: flex-start;
  -webkit-box-pack: center;
  -webkit-justify-content: center;
  -ms-flex-pack: center;
  justify-content: center;
}

.c1 div:first-child div h3 {
  color: #ff9000;
}

.c1 div:last-child {
  display: -webkit-box;
  display: -webkit-flex;
  display: -ms-flexbox;
  display: flex;
  -webkit-align-items: center;
  -webkit-box-align: center;
  -ms-flex-align: center;
  align-items: center;
}

.c1 div:last-child > button {
  background: none;
  border: none;
}

.c1 div:last-child > button svg {
  color: #ff9000;
}

@media (max-width:540px) {
  .c1 div:first-child div h3,
  .c1 div:first-child div h4 {
    display: none;
  }
}

<header
  class="c0"
>
  <div
    class="c1"
  >
    <div>
      <img
        alt="logo image"
        src="logo.png"
      />
      <div>
        <h4>
          Seja bem-vindo,
        </h4>
        <h3>
          Gabriel Ferreira
        </h3>
      </div>
    </div>
    <div>
      <button>
        <svg
          fill="currentColor"
          height="40"
          stroke="currentColor"
          stroke-width="0"
          viewBox="0 0 24 24"
          width="40"
          xmlns="http://www.w3.org/2000/svg"
        >
          <g>
            <path
              d="M0 0h24v24H0z"
              fill="none"
            />
            <path
              d="M6.265 3.807l1.147 1.639a8 8 0 1 0 9.176 0l1.147-1.639A9.988 9.988 0 0 1 22 12c0 5.523-4.477 10-10 10S2 17.523 2 12a9.988 9.988 0 0 1 4.265-8.193zM11 12V2h2v10h-2z"
            />
          </g>
        </svg>
      </button>
    </div>
  </div>
</header>
`;
