// Jest Snapshot v1, https://goo.gl/fbAQLP

exports[`<Tooltip /> should render the Tooltip correctly 1`] = `
.c0 {
  position: relative;
}

.c0 span {
  width: 160px;
  background: #ff9000;
  padding: 8px;
  border-radius: 4px;
  font-size: 14px;
  font-weight: 500;
  opacity: 0;
  visibility: hidden;
  -webkit-transition: opacity 0.4s;
  transition: opacity 0.4s;
  position: absolute;
  bottom: calc(100% + 6px);
  left: 50%;
  -webkit-transform: translateX(-50%);
  -ms-transform: translateX(-50%);
  transform: translateX(-50%);
  color: #424242;
}

.c0 span::before {
  content: '';
  border-style: solid;
  border-color: #ff9000;
  border-width: 6px 6px 0 6px;
  top: 100%;
  position: absolute;
  left: 50%;
  -webkit-transform: translateX(-50%);
  -ms-transform: translateX(-50%);
  transform: translateX(-50%);
}

.c0:hover span {
  opacity: 1;
  visibility: visible;
}

<div
  class="c0"
>
  <span>
    Item obrigat√≥rio
  </span>
</div>
`;
