// Jest Snapshot v1, https://goo.gl/fbAQLP

exports[`<Toast /> should render the Toast correctly 1`] = `
.c0 {
  width: 320px;
  position: fixed;
  margin-right: 10px;
  padding: 16px 30px 16px 16px;
  border-radius: 10px;
  box-shadow: 2px 2px 8px rgba(0,0,0,0.2);
  display: -webkit-box;
  display: -webkit-flex;
  display: -ms-flexbox;
  display: flex;
  background: #ebf8ff;
  color: #3172b7;
}

.c0 > svg {
  margin: 4px 12px 0 0;
}

.c0 div {
  -webkit-flex: 1;
  -ms-flex: 1;
  flex: 1;
}

.c0 div p {
  margin-top: 4px;
  font-size: 14px;
  opacity: 0.8;
  line-height: 20px;
}

.c0 button {
  cursor: pointer;
  position: absolute;
  right: 16px;
  top: 19px;
  opacity: 0.6;
  border: 0;
  background: transparent;
  color: inherit;
}

@media (max-width:375px) {
  .c0 {
    width: 280px;
    padding: 14px 26px 14px 14px;
  }
}

<div
  class="c0"
  hasdescription="1"
>
  <svg
    fill="none"
    height="24"
    stroke="currentColor"
    stroke-linecap="round"
    stroke-linejoin="round"
    stroke-width="2"
    viewBox="0 0 24 24"
    width="24"
    xmlns="http://www.w3.org/2000/svg"
  >
    <circle
      cx="12"
      cy="12"
      r="10"
    />
    <line
      x1="12"
      x2="12"
      y1="16"
      y2="12"
    />
    <line
      x1="12"
      x2="12.01"
      y1="8"
      y2="8"
    />
  </svg>
  <div>
    <strong>
      Erro ao tentar logar!
    </strong>
    <p>
      Um erro inesperado aconteceu... Tente novamente mais tarde.
    </p>
  </div>
  <button
    type="button"
  >
    <svg
      fill="none"
      height="18"
      stroke="currentColor"
      stroke-linecap="round"
      stroke-linejoin="round"
      stroke-width="2"
      viewBox="0 0 24 24"
      width="18"
      xmlns="http://www.w3.org/2000/svg"
    >
      <circle
        cx="12"
        cy="12"
        r="10"
      />
      <line
        x1="15"
        x2="9"
        y1="9"
        y2="15"
      />
      <line
        x1="9"
        x2="15"
        y1="9"
        y2="15"
      />
    </svg>
  </button>
</div>
`;
