// Jest Snapshot v1, https://goo.gl/fbAQLP

exports[`<Input /> should render the Input correctly 1`] = `
.c0 {
  display: -webkit-box;
  display: -webkit-flex;
  display: -ms-flexbox;
  display: flex;
  -webkit-align-items: center;
  -webkit-box-align: center;
  -ms-flex-align: center;
  align-items: center;
  background: #FFFFFF;
  border-radius: 10px;
  border: 1px solid #424242;
  padding: 14px;
  width: 100%;
  color: #424242;
}

.c0 + div {
  margin-top: 10px;
}

.c0 input {
  -webkit-flex: 1;
  -ms-flex: 1;
  flex: 1;
  border: 0;
  background: transparent;
  color: #202124;
  box-shadow: 0 0 0 30px #FFFFFF inset;
}

.c0 input:-webkit-autofill {
  -webkit-text-fill-color: #ff9000;
}

.c0 input::-webkit-input-placeholder {
  color: #202124;
}

.c0 input::-moz-placeholder {
  color: #202124;
}

.c0 input:-ms-input-placeholder {
  color: #202124;
}

.c0 input::placeholder {
  color: #202124;
}

.c0 svg {
  margin-right: 16px;
}

<div
  class="c0"
>
  <input
    name="email"
    placeholder="Digite seu e-mail"
  />
  
</div>
`;
