// Jest Snapshot v1, https://goo.gl/fbAQLP

exports[`<Loading /> should render the Loading correctly 1`] = `
.c0 {
  display: -webkit-box;
  display: -webkit-flex;
  display: -ms-flexbox;
  display: flex;
  -webkit-align-items: center;
  -webkit-box-align: center;
  -ms-flex-align: center;
  align-items: center;
  -webkit-box-pack: center;
  -webkit-justify-content: center;
  -ms-flex-pack: center;
  justify-content: center;
  height: 100vh;
}

.c0 .lds-roller {
  display: inline-block;
  position: relative;
  width: 80px;
  height: 80px;
}

.c0 .lds-roller div {
  -webkit-animation: lds-roller 1.2s cubic-bezier(0.5,0,0.5,1) infinite;
  animation: lds-roller 1.2s cubic-bezier(0.5,0,0.5,1) infinite;
  -webkit-transform-origin: 40px 40px;
  -ms-transform-origin: 40px 40px;
  transform-origin: 40px 40px;
}

.c0 .lds-roller div:after {
  content: ' ';
  display: block;
  position: absolute;
  width: 7px;
  height: 7px;
  border-radius: 50%;
  background: #ff9000;
  margin: -4px 0 0 -4px;
}

.c0 .lds-roller div:nth-child(1) {
  -webkit-animation-delay: -0.036s;
  animation-delay: -0.036s;
}

.c0 .lds-roller div:nth-child(1):after {
  top: 63px;
  left: 63px;
}

.c0 .lds-roller div:nth-child(2) {
  -webkit-animation-delay: -0.072s;
  animation-delay: -0.072s;
}

.c0 .lds-roller div:nth-child(2):after {
  top: 68px;
  left: 56px;
}

.c0 .lds-roller div:nth-child(3) {
  -webkit-animation-delay: -0.108s;
  animation-delay: -0.108s;
}

.c0 .lds-roller div:nth-child(3):after {
  top: 71px;
  left: 48px;
}

.c0 .lds-roller div:nth-child(4) {
  -webkit-animation-delay: -0.144s;
  animation-delay: -0.144s;
}

.c0 .lds-roller div:nth-child(4):after {
  top: 72px;
  left: 40px;
}

.c0 .lds-roller div:nth-child(5) {
  -webkit-animation-delay: -0.18s;
  animation-delay: -0.18s;
}

.c0 .lds-roller div:nth-child(5):after {
  top: 71px;
  left: 32px;
}

.c0 .lds-roller div:nth-child(6) {
  -webkit-animation-delay: -0.216s;
  animation-delay: -0.216s;
}

.c0 .lds-roller div:nth-child(6):after {
  top: 68px;
  left: 24px;
}

.c0 .lds-roller div:nth-child(7) {
  -webkit-animation-delay: -0.252s;
  animation-delay: -0.252s;
}

.c0 .lds-roller div:nth-child(7):after {
  top: 63px;
  left: 17px;
}

.c0 .lds-roller div:nth-child(8) {
  -webkit-animation-delay: -0.288s;
  animation-delay: -0.288s;
}

.c0 .lds-roller div:nth-child(8):after {
  top: 56px;
  left: 12px;
}

<div
  class="c0"
>
  <div
    class="lds-roller"
  >
    <div />
    <div />
    <div />
    <div />
    <div />
    <div />
    <div />
    <div />
  </div>
</div>
`;
